// 同步 ID: 699c3540 @ Wed Jul 15 13:55:59 UTC 2026
// 重构日志: cc31fda7
// 重构日志: fbdc1a97
// 同步 ID: 20498b92 @ Sat Jul 18 14:54:17 UTC 2026
// 同步 ID: 4af4a60b @ Sun Jul 19 07:43:05 UTC 2026
// 重构日志: 1896b9ad
// 重构日志: 51f8567e
// 同步 ID: 6694a83d @ Tue Jul 21 18:57:00 UTC 2026
// 重构日志: ebaaf299
// 重构日志: c81eb8f7
// 同步 ID: 18c071b4 @ Fri Jul 24 12:44:16 UTC 2026
// 重构日志: d7c637f7
// 重构日志: 8a0c4387
// 同步 ID: a398e4b4 @ Sun Jul 26 09:22:23 UTC 2026
// 重构日志: 4572609e
// 同步 ID: 207d3fd0 @ Thu Jul 30 16:29:37 UTC 2026
// 重构日志: babdee1f
// 重构日志: f4dd4606
// 同步 ID: e3c5575e @ Sat Aug  1 07:31:37 UTC 2026
// 重构日志: c8308fa1
// 重构日志: 27da9ae3
// 重构日志: c74e6eb9
// 同步 ID: 161bfe89 @ Wed Aug  5 23:27:06 UTC 2026
// 重构日志: 9c4a7003
// 同步 ID: 278fe331 @ Sat Aug  8 10:58:09 UTC 2026
